git add -A
git commit -m "Some changes"
git pull
git push